// Jest Snapshot v1, https://goo.gl/fbAQLP

exports[`<MainPage/> renders component correctly 1`] = `
<div>
  <div
    class="sc-eCImPb kAZuMp"
  >
    <h1>
      TS Weather
    </h1>
    <div
      class="sc-bdvvtL cgThLl"
    >
      <input
        placeholder="add new location"
        type="text"
        value=""
      />
      <button>
        add
      </button>
    </div>
  </div>
</div>
`;
