// Jest Snapshot v1, https://goo.gl/fbAQLP

exports[`<MainPage/> renders component correctly 1`] = `
<div>
  <div
    class="sc-hKwDye hwefAq"
  >
    <div>
      Here, Now
    </div>
    <div
      class="sc-bdvvtL hJgGXa"
    >
      <div>
        London
      </div>
      <div>
        17.24
        ℃
      </div>
      <div>
        5.66
        m/s
      </div>
    </div>
    <div
      class="sc-gsDKAQ dGtaUY"
    >
      <input
        placeholder="add new location"
        type="text"
        value=""
      />
      <button>
        add
      </button>
    </div>
  </div>
</div>
`;
