// Jest Snapshot v1, https://goo.gl/fbAQLP

exports[`<LocationList/> renders component correctly 1`] = `
<div>
  <div>
    <div>
      london
    </div>
    <div>
      berlin
    </div>
    <div>
      seoul
    </div>
    <div>
      paris
    </div>
    <div>
      prague
    </div>
  </div>
</div>
`;
