// Jest Snapshot v1, https://goo.gl/fbAQLP

exports[`<App /> renders component correctly 1`] = `
.c2 {
  width: 300px;
}

.c3 {
  display: -webkit-box;
  display: -webkit-flex;
  display: -ms-flexbox;
  display: flex;
  -webkit-box-pack: justify;
  -webkit-justify-content: space-between;
  -ms-flex-pack: justify;
  justify-content: space-between;
  border-bottom: white 1px solid;
  margin-top: 5px;
}

.c1 {
  color: #FFA820;
  background-color: #FFF8EE;
  display: -webkit-box;
  display: -webkit-flex;
  display: -ms-flexbox;
  display: flex;
  -webkit-flex-flow: column;
  -ms-flex-flow: column;
  flex-flow: column;
  width: 100%;
  padding: 30vw;
}

.c0 {
  display: -webkit-box;
  display: -webkit-flex;
  display: -ms-flexbox;
  display: flex;
  min-height: 100vh;
  display: -webkit-box;
  display: -webkit-flex;
  display: -ms-flexbox;
  display: flex;
  -webkit-box-pack: space-around;
  -webkit-justify-content: space-around;
  -ms-flex-pack: space-around;
  justify-content: space-around;
  font-size: calc(10px + 2vmin);
}

@media (min-width:700px) {
  .c1 {
    padding: 10vw;
    -webkit-flex-flow: row;
    -ms-flex-flow: row;
    flex-flow: row;
    -webkit-box-pack: space-evenly;
    -webkit-justify-content: space-evenly;
    -ms-flex-pack: space-evenly;
    justify-content: space-evenly;
  }
}

<div>
  <div
    class="App"
  >
    <div
      class="c0"
    >
      <div
        class="c1"
      >
        <h1>
          TS Weather
        </h1>
        <div
          class="c2"
        >
          <input
            placeholder="add new location"
            type="text"
            value=""
          />
          <button>
            add
          </button>
          <div
            class="c3"
          >
            <div
              data-name="london"
            >
              london
            </div>
            <button
              data-testid="london"
              name="london"
            >
              X
            </button>
          </div>
          <div
            class="c3"
          >
            <div
              data-name="berlin"
            >
              berlin
            </div>
            <button
              data-testid="berlin"
              name="berlin"
            >
              X
            </button>
          </div>
          <div
            class="c3"
          >
            <div
              data-name="seoul"
            >
              seoul
            </div>
            <button
              data-testid="seoul"
              name="seoul"
            >
              X
            </button>
          </div>
          <div
            class="c3"
          >
            <div
              data-name="paris"
            >
              paris
            </div>
            <button
              data-testid="paris"
              name="paris"
            >
              X
            </button>
          </div>
          <div
            class="c3"
          >
            <div
              data-name="prague"
            >
              prague
            </div>
            <button
              data-testid="prague"
              name="prague"
            >
              X
            </button>
          </div>
        </div>
        <div>
          loading...
        </div>
      </div>
    </div>
  </div>
</div>
`;
